// Jest Snapshot v1, https://goo.gl/fbAQLP

exports[`CheckOutStepTwo should render correctly for a logged in user 1`] = `
<h1>
  CheckOut: Overview
</h1>
`;

exports[`CheckOutStepTwo should render correctly for a logged out user 1`] = `
<Redirect
  to="/"
/>
`;
