// Jest Snapshot v1, https://goo.gl/fbAQLP

exports[`InventoryItem should render correctly for a logged in user 1`] = `
<h1>
  InventoryItem
</h1>
`;

exports[`InventoryItem should render correctly for a logged out user 1`] = `
<Redirect
  to="/"
/>
`;
