// Jest Snapshot v1, https://goo.gl/fbAQLP

exports[`Inventory should render correctly for a logged in user 1`] = `
<h1>
  Inventory
</h1>
`;

exports[`Inventory should render correctly for a logged out user 1`] = `
<Redirect
  to="/"
/>
`;
